// Jest Snapshot v1, https://goo.gl/fbAQLP

exports[`Grid should render Col 1`] = `
<div
  class="c7n-col-2"
/>
`;

exports[`Grid should render Row 1`] = `
<div
  class="c7n-row"
/>
`;
