// Jest Snapshot v1, https://goo.gl/fbAQLP

exports[`Spin should render custom indicator when it's set 1`] = `
<div
  class="c7n-spin c7n-spin-spinning"
>
  <div
    class="custom-indicator c7n-spin-dot"
  />
</div>
`;
