// Jest Snapshot v1, https://goo.gl/fbAQLP

exports[`Table.sorter renders sorter icon correctly 1`] = `
<thead
  class="c7n-table-thead"
>
  <tr>
    <th
      class="c7n-table-column-has-filters"
      tabindex="-1"
    >
      <span>
        Name
        <i
          class="icon icon-arrow_upward c7n-table-sort-icon"
        />
      </span>
    </th>
  </tr>
</thead>
`;
