// Jest Snapshot v1, https://goo.gl/fbAQLP

exports[`renders ./components/upload/demo/avatar.md correctly 1`] = `
<span
  class="avatar-uploader"
>
  <div
    class="c7n-upload c7n-upload-select c7n-upload-select-picture-card"
    style="display:"
  />
</span>
`;

exports[`renders ./components/upload/demo/basic.md correctly 1`] = `
<span
  class=""
>
  <div
    class="c7n-upload c7n-upload-select c7n-upload-select-text"
    style="display:"
  />
  <div
    class="c7n-upload-list c7n-upload-list-text"
  />
</span>
`;

exports[`renders ./components/upload/demo/defaultFileList.md correctly 1`] = `
<span
  class=""
>
  <div
    class="c7n-upload c7n-upload-select c7n-upload-select-text"
    style="display:"
  />
  <div
    class="c7n-upload-list c7n-upload-list-text"
  >
    <div
      class="c7n-upload-list-item c7n-upload-list-item-done"
    >
      <div
        class="c7n-upload-list-item-info"
      >
        <span>
          <i
            class="icon icon-attach_file"
          />
          <a
            class="c7n-upload-list-item-name"
            href="http://www.baidu.com/xxx.png"
            rel="noopener noreferrer"
            target="_blank"
            title="xxx.png"
          >
            xxx.png
          </a>
        </span>
      </div>
      <i
        class="icon icon-close"
        title="Remove file"
      />
    </div>
    <div
      class="c7n-upload-list-item c7n-upload-list-item-done"
    >
      <div
        class="c7n-upload-list-item-info"
      >
        <span>
          <i
            class="icon icon-attach_file"
          />
          <a
            class="c7n-upload-list-item-name"
            href="http://www.baidu.com/yyy.png"
            rel="noopener noreferrer"
            target="_blank"
            title="yyy.png"
          >
            yyy.png
          </a>
        </span>
      </div>
      <i
        class="icon icon-close"
        title="Remove file"
      />
    </div>
    <div
      class="c7n-upload-list-item c7n-upload-list-item-error"
    >
      <div
        class="c7n-upload-list-item-info"
      >
        <span>
          <i
            class="icon icon-attach_file"
          />
          <a
            class="c7n-upload-list-item-name"
            href="http://www.baidu.com/zzz.png"
            rel="noopener noreferrer"
            target="_blank"
            title="zzz.png"
          >
            zzz.png
          </a>
        </span>
      </div>
      <i
        class="icon icon-close"
        title="Remove file"
      />
    </div>
  </div>
</span>
`;

exports[`renders ./components/upload/demo/drag.md correctly 1`] = `
<span
  class=""
>
  <div
    class="c7n-upload c7n-upload-drag"
  />
  <div
    class="c7n-upload-list c7n-upload-list-text"
  />
</span>
`;

exports[`renders ./components/upload/demo/fileList.md correctly 1`] = `
<span
  class=""
>
  <div
    class="c7n-upload c7n-upload-select c7n-upload-select-text"
    style="display:"
  />
  <div
    class="c7n-upload-list c7n-upload-list-text"
  >
    <div
      class="c7n-upload-list-item c7n-upload-list-item-done"
    >
      <div
        class="c7n-upload-list-item-info"
      >
        <span>
          <i
            class="icon icon-attach_file"
          />
          <a
            class="c7n-upload-list-item-name"
            href="http://www.baidu.com/xxx.png"
            rel="noopener noreferrer"
            target="_blank"
            title="xxx.png"
          >
            xxx.png
          </a>
        </span>
      </div>
      <i
        class="icon icon-close"
        title="Remove file"
      />
    </div>
  </div>
</span>
`;

exports[`renders ./components/upload/demo/picture-card.md correctly 1`] = `
<div
  class="clearfix"
>
  <span
    class=""
  >
    <div
      class="c7n-upload-list c7n-upload-list-picture-card"
    >
      <div
        class="c7n-upload-list-item c7n-upload-list-item-done"
      >
        <div
          class="c7n-upload-list-item-info"
        >
          <span>
            <a
              class="c7n-upload-list-item-thumbnail"
              href="https://zos.alipayobjects.com/rmsportal/jkjgkEfvpUPVyRjUImniVslZfWPnJuuZ.png"
              rel="noopener noreferrer"
              target="_blank"
            >
              <img
                alt="xxx.png"
                src="https://zos.alipayobjects.com/rmsportal/jkjgkEfvpUPVyRjUImniVslZfWPnJuuZ.png"
              />
            </a>
            <a
              class="c7n-upload-list-item-name"
              href="https://zos.alipayobjects.com/rmsportal/jkjgkEfvpUPVyRjUImniVslZfWPnJuuZ.png"
              rel="noopener noreferrer"
              target="_blank"
              title="xxx.png"
            >
              xxx.png
            </a>
          </span>
        </div>
        <span
          class="c7n-upload-list-item-actions"
        >
          <a
            href="https://zos.alipayobjects.com/rmsportal/jkjgkEfvpUPVyRjUImniVslZfWPnJuuZ.png"
            rel="noopener noreferrer"
            target="_blank"
            title="Preview file"
          >
            <i
              class="icon icon-visibility"
            />
          </a>
          <i
            class="icon icon-delete"
            title="Remove file"
          />
        </span>
      </div>
    </div>
    <div
      class="c7n-upload c7n-upload-select c7n-upload-select-picture-card"
      style="display:"
    />
  </span>
</div>
`;

exports[`renders ./components/upload/demo/picture-style.md correctly 1`] = `
<div>
  <span
    class=""
  >
    <div
      class="c7n-upload c7n-upload-select c7n-upload-select-picture"
      style="display:"
    />
    <div
      class="c7n-upload-list c7n-upload-list-picture"
    >
      <div
        class="c7n-upload-list-item c7n-upload-list-item-done"
      >
        <div
          class="c7n-upload-list-item-info"
        >
          <span>
            <a
              class="c7n-upload-list-item-thumbnail"
              href="https://zos.alipayobjects.com/rmsportal/jkjgkEfvpUPVyRjUImniVslZfWPnJuuZ.png"
              rel="noopener noreferrer"
              target="_blank"
            >
              <img
                alt="xxx.png"
                src="https://zos.alipayobjects.com/rmsportal/jkjgkEfvpUPVyRjUImniVslZfWPnJuuZ.png"
              />
            </a>
            <a
              class="c7n-upload-list-item-name"
              href="https://zos.alipayobjects.com/rmsportal/jkjgkEfvpUPVyRjUImniVslZfWPnJuuZ.png"
              rel="noopener noreferrer"
              target="_blank"
              title="xxx.png"
            >
              xxx.png
            </a>
          </span>
        </div>
        <i
          class="icon icon-close"
          title="Remove file"
        />
      </div>
      <div
        class="c7n-upload-list-item c7n-upload-list-item-done"
      >
        <div
          class="c7n-upload-list-item-info"
        >
          <span>
            <a
              class="c7n-upload-list-item-thumbnail"
              href="https://zos.alipayobjects.com/rmsportal/jkjgkEfvpUPVyRjUImniVslZfWPnJuuZ.png"
              rel="noopener noreferrer"
              target="_blank"
            >
              <img
                alt="yyy.png"
                src="https://zos.alipayobjects.com/rmsportal/jkjgkEfvpUPVyRjUImniVslZfWPnJuuZ.png"
              />
            </a>
            <a
              class="c7n-upload-list-item-name"
              href="https://zos.alipayobjects.com/rmsportal/jkjgkEfvpUPVyRjUImniVslZfWPnJuuZ.png"
              rel="noopener noreferrer"
              target="_blank"
              title="yyy.png"
            >
              yyy.png
            </a>
          </span>
        </div>
        <i
          class="icon icon-close"
          title="Remove file"
        />
      </div>
    </div>
  </span>
  <br />
  <br />
  <span
    class="upload-list-inline"
  >
    <div
      class="c7n-upload c7n-upload-select c7n-upload-select-picture"
      style="display:"
    />
    <div
      class="c7n-upload-list c7n-upload-list-picture"
    >
      <div
        class="c7n-upload-list-item c7n-upload-list-item-done"
      >
        <div
          class="c7n-upload-list-item-info"
        >
          <span>
            <a
              class="c7n-upload-list-item-thumbnail"
              href="https://zos.alipayobjects.com/rmsportal/jkjgkEfvpUPVyRjUImniVslZfWPnJuuZ.png"
              rel="noopener noreferrer"
              target="_blank"
            >
              <img
                alt="xxx.png"
                src="https://zos.alipayobjects.com/rmsportal/jkjgkEfvpUPVyRjUImniVslZfWPnJuuZ.png"
              />
            </a>
            <a
              class="c7n-upload-list-item-name"
              href="https://zos.alipayobjects.com/rmsportal/jkjgkEfvpUPVyRjUImniVslZfWPnJuuZ.png"
              rel="noopener noreferrer"
              target="_blank"
              title="xxx.png"
            >
              xxx.png
            </a>
          </span>
        </div>
        <i
          class="icon icon-close"
          title="Remove file"
        />
      </div>
      <div
        class="c7n-upload-list-item c7n-upload-list-item-done"
      >
        <div
          class="c7n-upload-list-item-info"
        >
          <span>
            <a
              class="c7n-upload-list-item-thumbnail"
              href="https://zos.alipayobjects.com/rmsportal/jkjgkEfvpUPVyRjUImniVslZfWPnJuuZ.png"
              rel="noopener noreferrer"
              target="_blank"
            >
              <img
                alt="yyy.png"
                src="https://zos.alipayobjects.com/rmsportal/jkjgkEfvpUPVyRjUImniVslZfWPnJuuZ.png"
              />
            </a>
            <a
              class="c7n-upload-list-item-name"
              href="https://zos.alipayobjects.com/rmsportal/jkjgkEfvpUPVyRjUImniVslZfWPnJuuZ.png"
              rel="noopener noreferrer"
              target="_blank"
              title="yyy.png"
            >
              yyy.png
            </a>
          </span>
        </div>
        <i
          class="icon icon-close"
          title="Remove file"
        />
      </div>
    </div>
  </span>
</div>
`;

exports[`renders ./components/upload/demo/upload-manually.md correctly 1`] = `
<div>
  <span
    class=""
  >
    <div
      class="c7n-upload c7n-upload-select c7n-upload-select-text"
      style="display:"
    />
    <div
      class="c7n-upload-list c7n-upload-list-text"
    />
  </span>
  <button
    class="c7n-btn upload-demo-start c7n-btn-primary c7n-btn-flat"
    disabled=""
    type="button"
  >
    <span>
      Start Upload
    </span>
    <div
      class="c7n-ripple-wrapper"
    />
  </button>
</div>
`;
