// Jest Snapshot v1, https://goo.gl/fbAQLP

exports[`Popconfirm should show overlay when trigger is clicked 1`] = `"<div class=\\"c7n-popover-content\\"><div class=\\"c7n-popover-arrow\\"></div><div class=\\"c7n-popover-inner\\"><div><div class=\\"c7n-popover-inner-content\\"><div class=\\"c7n-popover-message\\"><i class=\\"icon icon-warning\\"></i><div class=\\"c7n-popover-message-title\\">code</div></div><div class=\\"c7n-popover-buttons\\"><button type=\\"button\\" class=\\"c7n-btn c7n-btn-sm c7n-btn-flat\\"><span>Cancel</span><div class=\\"c7n-ripple-wrapper\\"></div></button><button type=\\"button\\" class=\\"c7n-btn c7n-btn-primary c7n-btn-sm c7n-btn-flat\\"><span>OK</span><div class=\\"c7n-ripple-wrapper\\"></div></button></div></div></div></div></div>"`;

exports[`Popconfirm should show overlay when trigger is clicked 2`] = `"<div class=\\"c7n-popover-content\\"><div class=\\"c7n-popover-arrow\\"></div><div class=\\"c7n-popover-inner\\"><div><div class=\\"c7n-popover-inner-content\\"><div class=\\"c7n-popover-message\\"><i class=\\"icon icon-warning\\"></i><div class=\\"c7n-popover-message-title\\">code</div></div><div class=\\"c7n-popover-buttons\\"><button type=\\"button\\" class=\\"c7n-btn c7n-btn-sm c7n-btn-flat\\"><span>Cancel</span><div class=\\"c7n-ripple-wrapper\\"></div></button><button type=\\"button\\" class=\\"c7n-btn c7n-btn-primary c7n-btn-sm c7n-btn-flat\\"><span>OK</span><div class=\\"c7n-ripple-wrapper\\"></div></button></div></div></div></div></div>"`;
